Archive member included to satisfy reference by file (symbol)

/usr/lib/x86_64-linux-gnu/libc_nonshared.a(elf-init.oS)
                              /usr/lib/gcc/x86_64-linux-gnu/10/../../../x86_64-linux-gnu/crt1.o (__libc_csu_init)

Merging program properties


As-needed library included to satisfy reference by file (symbol)

liblibscrutinycpp.so          example/linux/CMakeFiles/linuxapp.dir/src/hello.cpp.o (scrutiny_tick())
libstdc++.so.6                example/linux/CMakeFiles/linuxapp.dir/src/hello.cpp.o (std::ostream::operator<<(int)@@GLIBCXX_3.4)
libc.so.6                     example/linux/CMakeFiles/linuxapp.dir/src/hello.cpp.o (nanosleep@@GLIBC_2.2.5)

Discarded input sections

 .note.GNU-stack
                0x0000000000000000        0x0 /usr/lib/gcc/x86_64-linux-gnu/10/../../../x86_64-linux-gnu/crt1.o
 .note.gnu.property
                0x0000000000000000       0x20 /usr/lib/gcc/x86_64-linux-gnu/10/../../../x86_64-linux-gnu/crti.o
 .note.GNU-stack
                0x0000000000000000        0x0 /usr/lib/gcc/x86_64-linux-gnu/10/../../../x86_64-linux-gnu/crti.o
 .note.GNU-stack
                0x0000000000000000        0x0 /usr/lib/gcc/x86_64-linux-gnu/10/crtbegin.o
 .note.gnu.property
                0x0000000000000000       0x20 /usr/lib/gcc/x86_64-linux-gnu/10/crtbegin.o
 .group         0x0000000000000000        0x8 example/linux/CMakeFiles/linuxapp.dir/src/hello.cpp.o
 .note.GNU-stack
                0x0000000000000000        0x0 example/linux/CMakeFiles/linuxapp.dir/src/hello.cpp.o
 .note.gnu.property
                0x0000000000000000       0x20 example/linux/CMakeFiles/linuxapp.dir/src/hello.cpp.o
 .note.GNU-stack
                0x0000000000000000        0x0 /usr/lib/x86_64-linux-gnu/libc_nonshared.a(elf-init.oS)
 .note.gnu.property
                0x0000000000000000       0x20 /usr/lib/x86_64-linux-gnu/libc_nonshared.a(elf-init.oS)
 .note.GNU-stack
                0x0000000000000000        0x0 /usr/lib/gcc/x86_64-linux-gnu/10/crtend.o
 .note.gnu.property
                0x0000000000000000       0x20 /usr/lib/gcc/x86_64-linux-gnu/10/crtend.o
 .note.gnu.property
                0x0000000000000000       0x20 /usr/lib/gcc/x86_64-linux-gnu/10/../../../x86_64-linux-gnu/crtn.o
 .note.GNU-stack
                0x0000000000000000        0x0 /usr/lib/gcc/x86_64-linux-gnu/10/../../../x86_64-linux-gnu/crtn.o

Memory Configuration

Name             Origin             Length             Attributes
*default*        0x0000000000000000 0xffffffffffffffff

Linker script and memory map

LOAD /usr/lib/gcc/x86_64-linux-gnu/10/../../../x86_64-linux-gnu/crt1.o
LOAD /usr/lib/gcc/x86_64-linux-gnu/10/../../../x86_64-linux-gnu/crti.o
LOAD /usr/lib/gcc/x86_64-linux-gnu/10/crtbegin.o
LOAD example/linux/CMakeFiles/linuxapp.dir/src/hello.cpp.o
LOAD lib/liblibscrutinycpp.so
LOAD /usr/lib/gcc/x86_64-linux-gnu/10/libstdc++.so
LOAD /usr/lib/gcc/x86_64-linux-gnu/10/../../../x86_64-linux-gnu/libm.so
START GROUP
LOAD /lib/x86_64-linux-gnu/libm.so.6
LOAD /lib/x86_64-linux-gnu/libmvec.so.1
END GROUP
LOAD /usr/lib/gcc/x86_64-linux-gnu/10/libgcc_s.so
START GROUP
LOAD /usr/lib/gcc/x86_64-linux-gnu/10/../../../x86_64-linux-gnu/libgcc_s.so.1
LOAD /usr/lib/gcc/x86_64-linux-gnu/10/libgcc.a
END GROUP
LOAD /usr/lib/gcc/x86_64-linux-gnu/10/libgcc.a
LOAD /usr/lib/gcc/x86_64-linux-gnu/10/../../../x86_64-linux-gnu/libc.so
START GROUP
LOAD /lib/x86_64-linux-gnu/libc.so.6
LOAD /usr/lib/x86_64-linux-gnu/libc_nonshared.a
LOAD /lib/x86_64-linux-gnu/ld-linux-x86-64.so.2
END GROUP
LOAD /usr/lib/gcc/x86_64-linux-gnu/10/libgcc_s.so
START GROUP
LOAD /usr/lib/gcc/x86_64-linux-gnu/10/../../../x86_64-linux-gnu/libgcc_s.so.1
LOAD /usr/lib/gcc/x86_64-linux-gnu/10/libgcc.a
END GROUP
LOAD /usr/lib/gcc/x86_64-linux-gnu/10/libgcc.a
LOAD /usr/lib/gcc/x86_64-linux-gnu/10/crtend.o
LOAD /usr/lib/gcc/x86_64-linux-gnu/10/../../../x86_64-linux-gnu/crtn.o
                [!provide]                        PROVIDE (__executable_start = SEGMENT_START ("text-segment", 0x400000))
                0x0000000000400318                . = (SEGMENT_START ("text-segment", 0x400000) + SIZEOF_HEADERS)

.interp         0x0000000000400318       0x1c
 *(.interp)
 .interp        0x0000000000400318       0x1c /usr/lib/gcc/x86_64-linux-gnu/10/../../../x86_64-linux-gnu/crt1.o

.note.gnu.property
                0x0000000000400338       0x20
 .note.gnu.property
                0x0000000000400338       0x20 /usr/lib/gcc/x86_64-linux-gnu/10/../../../x86_64-linux-gnu/crt1.o

.note.gnu.build-id
                0x0000000000400358       0x24
 *(.note.gnu.build-id)
 .note.gnu.build-id
                0x0000000000400358       0x24 /usr/lib/gcc/x86_64-linux-gnu/10/../../../x86_64-linux-gnu/crt1.o

.note.ABI-tag   0x000000000040037c       0x20
 .note.ABI-tag  0x000000000040037c       0x20 /usr/lib/gcc/x86_64-linux-gnu/10/../../../x86_64-linux-gnu/crt1.o

.hash
 *(.hash)

.gnu.hash       0x00000000004003a0       0x5c
 *(.gnu.hash)
 .gnu.hash      0x00000000004003a0       0x5c /usr/lib/gcc/x86_64-linux-gnu/10/../../../x86_64-linux-gnu/crt1.o

.dynsym         0x0000000000400400      0x2a0
 *(.dynsym)
 .dynsym        0x0000000000400400      0x2a0 /usr/lib/gcc/x86_64-linux-gnu/10/../../../x86_64-linux-gnu/crt1.o

.dynstr         0x00000000004006a0      0x254
 *(.dynstr)
 .dynstr        0x00000000004006a0      0x254 /usr/lib/gcc/x86_64-linux-gnu/10/../../../x86_64-linux-gnu/crt1.o

.gnu.version    0x00000000004008f4       0x38
 *(.gnu.version)
 .gnu.version   0x00000000004008f4       0x38 /usr/lib/gcc/x86_64-linux-gnu/10/../../../x86_64-linux-gnu/crt1.o

.gnu.version_d  0x0000000000400930        0x0
 *(.gnu.version_d)
 .gnu.version_d
                0x0000000000400930        0x0 /usr/lib/gcc/x86_64-linux-gnu/10/../../../x86_64-linux-gnu/crt1.o

.gnu.version_r  0x0000000000400930       0x60
 *(.gnu.version_r)
 .gnu.version_r
                0x0000000000400930       0x60 /usr/lib/gcc/x86_64-linux-gnu/10/../../../x86_64-linux-gnu/crt1.o

.rela.dyn       0x0000000000400990       0x60
 *(.rela.init)
 *(.rela.text .rela.text.* .rela.gnu.linkonce.t.*)
 .rela.text     0x0000000000400990        0x0 /usr/lib/gcc/x86_64-linux-gnu/10/../../../x86_64-linux-gnu/crt1.o
 .rela.text.startup
                0x0000000000400990        0x0 /usr/lib/gcc/x86_64-linux-gnu/10/../../../x86_64-linux-gnu/crt1.o
 *(.rela.fini)
 *(.rela.rodata .rela.rodata.* .rela.gnu.linkonce.r.*)
 *(.rela.data .rela.data.* .rela.gnu.linkonce.d.*)
 .rela.data.rel.ro
                0x0000000000400990        0x0 /usr/lib/gcc/x86_64-linux-gnu/10/../../../x86_64-linux-gnu/crt1.o
 *(.rela.tdata .rela.tdata.* .rela.gnu.linkonce.td.*)
 *(.rela.tbss .rela.tbss.* .rela.gnu.linkonce.tb.*)
 *(.rela.ctors)
 *(.rela.dtors)
 *(.rela.got)
 .rela.got      0x0000000000400990       0x48 /usr/lib/gcc/x86_64-linux-gnu/10/../../../x86_64-linux-gnu/crt1.o
 *(.rela.bss .rela.bss.* .rela.gnu.linkonce.b.*)
 .rela.bss      0x00000000004009d8       0x18 /usr/lib/gcc/x86_64-linux-gnu/10/../../../x86_64-linux-gnu/crt1.o
 *(.rela.ldata .rela.ldata.* .rela.gnu.linkonce.l.*)
 *(.rela.lbss .rela.lbss.* .rela.gnu.linkonce.lb.*)
 *(.rela.lrodata .rela.lrodata.* .rela.gnu.linkonce.lr.*)
 *(.rela.ifunc)

.rela.plt       0x00000000004009f0      0x120
 *(.rela.plt)
 .rela.plt      0x00000000004009f0      0x120 /usr/lib/gcc/x86_64-linux-gnu/10/../../../x86_64-linux-gnu/crt1.o
                [!provide]                        PROVIDE (__rela_iplt_start = .)
 *(.rela.iplt)
 .rela.iplt     0x0000000000400b10        0x0 /usr/lib/gcc/x86_64-linux-gnu/10/../../../x86_64-linux-gnu/crt1.o
                [!provide]                        PROVIDE (__rela_iplt_end = .)
                0x0000000000401000                . = ALIGN (CONSTANT (MAXPAGESIZE))

.init           0x0000000000401000       0x1b
 *(SORT_NONE(.init))
 .init          0x0000000000401000       0x16 /usr/lib/gcc/x86_64-linux-gnu/10/../../../x86_64-linux-gnu/crti.o
                0x0000000000401000                _init
 .init          0x0000000000401016        0x5 /usr/lib/gcc/x86_64-linux-gnu/10/../../../x86_64-linux-gnu/crtn.o

.plt            0x0000000000401020       0xd0
 *(.plt)
 .plt           0x0000000000401020       0xd0 /usr/lib/gcc/x86_64-linux-gnu/10/../../../x86_64-linux-gnu/crt1.o
 *(.iplt)
 .iplt          0x00000000004010f0        0x0 /usr/lib/gcc/x86_64-linux-gnu/10/../../../x86_64-linux-gnu/crt1.o

.plt.got        0x00000000004010f0        0x0
 *(.plt.got)
 .plt.got       0x00000000004010f0        0x0 /usr/lib/gcc/x86_64-linux-gnu/10/../../../x86_64-linux-gnu/crt1.o

.plt.sec        0x00000000004010f0       0xc0
 *(.plt.sec)
 .plt.sec       0x00000000004010f0       0xc0 /usr/lib/gcc/x86_64-linux-gnu/10/../../../x86_64-linux-gnu/crt1.o
                0x00000000004010f0                std::ostream::put(char)@@GLIBCXX_3.4
                0x0000000000401100                __errno_location@@GLIBC_2.2.5
                0x0000000000401110                nanosleep@@GLIBC_2.2.5
                0x0000000000401120                std::ostream::flush()@@GLIBCXX_3.4
                0x0000000000401130                __cxa_atexit@@GLIBC_2.2.5
                0x0000000000401140                std::basic_ostream<char, std::char_traits<char> >& std::__ostream_insert<char, std::char_traits<char> >(std::basic_ostream<char, std::char_traits<char> >&, char const*, long)@@GLIBCXX_3.4.9
                0x0000000000401150                std::ctype<char>::_M_widen_init() const@@GLIBCXX_3.4.11
                0x0000000000401160                std::__throw_bad_cast()@@GLIBCXX_3.4
                0x0000000000401170                std::ios_base::Init::Init()@@GLIBCXX_3.4
                0x0000000000401180                std::ostream::operator<<(int)@@GLIBCXX_3.4
                0x0000000000401190                scrutiny_init()
                0x00000000004011a0                scrutiny_tick()

.text           0x00000000004011b0      0x2a5
 *(.text.unlikely .text.*_unlikely .text.unlikely.*)
 *(.text.exit .text.exit.*)
 *(.text.startup .text.startup.*)
 .text.startup  0x00000000004011b0      0x122 example/linux/CMakeFiles/linuxapp.dir/src/hello.cpp.o
                0x00000000004011b0                main
 *(.text.hot .text.hot.*)
 *(SORT_BY_NAME(.text.sorted.*))
 *(.text .stub .text.* .gnu.linkonce.t.*)
 *fill*         0x00000000004012d2        0xe 
 .text          0x00000000004012e0       0x35 /usr/lib/gcc/x86_64-linux-gnu/10/../../../x86_64-linux-gnu/crt1.o
                0x00000000004012e0                _start
                0x0000000000401310                _dl_relocate_static_pie
 .text          0x0000000000401315        0x0 /usr/lib/gcc/x86_64-linux-gnu/10/../../../x86_64-linux-gnu/crti.o
 *fill*         0x0000000000401315        0xb 
 .text          0x0000000000401320       0xa6 /usr/lib/gcc/x86_64-linux-gnu/10/crtbegin.o
 .text          0x00000000004013c6        0x0 example/linux/CMakeFiles/linuxapp.dir/src/hello.cpp.o
 *fill*         0x00000000004013c6        0xa 
 .text._ZNKSt5ctypeIcE8do_widenEc
                0x00000000004013d0        0x7 example/linux/CMakeFiles/linuxapp.dir/src/hello.cpp.o
                0x00000000004013d0                std::ctype<char>::do_widen(char) const
 *fill*         0x00000000004013d7        0x9 
 .text          0x00000000004013e0       0x75 /usr/lib/x86_64-linux-gnu/libc_nonshared.a(elf-init.oS)
                0x00000000004013e0                __libc_csu_init
                0x0000000000401450                __libc_csu_fini
 .text          0x0000000000401455        0x0 /usr/lib/gcc/x86_64-linux-gnu/10/crtend.o
 .text          0x0000000000401455        0x0 /usr/lib/gcc/x86_64-linux-gnu/10/../../../x86_64-linux-gnu/crtn.o
 *(.gnu.warning)

.fini           0x0000000000401458        0xd
 *(SORT_NONE(.fini))
 .fini          0x0000000000401458        0x8 /usr/lib/gcc/x86_64-linux-gnu/10/../../../x86_64-linux-gnu/crti.o
                0x0000000000401458                _fini
 .fini          0x0000000000401460        0x5 /usr/lib/gcc/x86_64-linux-gnu/10/../../../x86_64-linux-gnu/crtn.o
                [!provide]                        PROVIDE (__etext = .)
                [!provide]                        PROVIDE (_etext = .)
                [!provide]                        PROVIDE (etext = .)
                0x0000000000402000                . = ALIGN (CONSTANT (MAXPAGESIZE))
                0x0000000000402000                . = SEGMENT_START ("rodata-segment", (ALIGN (CONSTANT (MAXPAGESIZE)) + (. & (CONSTANT (MAXPAGESIZE) - 0x1))))

.rodata         0x0000000000402000       0x30
 *(.rodata .rodata.* .gnu.linkonce.r.*)
 .rodata.cst4   0x0000000000402000        0x4 /usr/lib/gcc/x86_64-linux-gnu/10/../../../x86_64-linux-gnu/crt1.o
                0x0000000000402000                _IO_stdin_used
 .rodata.str1.1
                0x0000000000402004       0x12 example/linux/CMakeFiles/linuxapp.dir/src/hello.cpp.o
 *fill*         0x0000000000402016        0xa 
 .rodata.cst16  0x0000000000402020       0x10 example/linux/CMakeFiles/linuxapp.dir/src/hello.cpp.o

.rodata1
 *(.rodata1)

.eh_frame_hdr   0x0000000000402030       0x54
 *(.eh_frame_hdr)
 .eh_frame_hdr  0x0000000000402030       0x54 /usr/lib/gcc/x86_64-linux-gnu/10/../../../x86_64-linux-gnu/crt1.o
                0x0000000000402030                __GNU_EH_FRAME_HDR
 *(.eh_frame_entry .eh_frame_entry.*)

.eh_frame       0x0000000000402088      0x138
 *(.eh_frame)
 .eh_frame      0x0000000000402088       0x40 /usr/lib/gcc/x86_64-linux-gnu/10/../../../x86_64-linux-gnu/crt1.o
                                         0x5c (size before relaxing)
 *fill*         0x00000000004020c8        0x0 
 .eh_frame      0x00000000004020c8       0x28 /usr/lib/gcc/x86_64-linux-gnu/10/../../../x86_64-linux-gnu/crt1.o
                                         0x40 (size before relaxing)
 .eh_frame      0x00000000004020f0        0x0 /usr/lib/gcc/x86_64-linux-gnu/10/../../../x86_64-linux-gnu/crt1.o
 .eh_frame      0x00000000004020f0       0x18 /usr/lib/gcc/x86_64-linux-gnu/10/../../../x86_64-linux-gnu/crt1.o
                                         0x30 (size before relaxing)
 .eh_frame      0x0000000000402108       0x58 example/linux/CMakeFiles/linuxapp.dir/src/hello.cpp.o
                                         0x70 (size before relaxing)
 .eh_frame      0x0000000000402160       0x5c /usr/lib/x86_64-linux-gnu/libc_nonshared.a(elf-init.oS)
                                         0x78 (size before relaxing)
 .eh_frame      0x00000000004021bc        0x4 /usr/lib/gcc/x86_64-linux-gnu/10/crtend.o
 *(.eh_frame.*)

.gcc_except_table
 *(.gcc_except_table .gcc_except_table.*)

.gnu_extab
 *(.gnu_extab*)

.exception_ranges
 *(.exception_ranges*)
                0x0000000000403dd0                . = DATA_SEGMENT_ALIGN (CONSTANT (MAXPAGESIZE), CONSTANT (COMMONPAGESIZE))

.eh_frame
 *(.eh_frame)
 *(.eh_frame.*)

.gnu_extab
 *(.gnu_extab)

.gcc_except_table
 *(.gcc_except_table .gcc_except_table.*)

.exception_ranges
 *(.exception_ranges*)

.tdata          0x0000000000403dd0        0x0
                [!provide]                        PROVIDE (__tdata_start = .)
 *(.tdata .tdata.* .gnu.linkonce.td.*)

.tbss
 *(.tbss .tbss.* .gnu.linkonce.tb.*)
 *(.tcommon)

.preinit_array  0x0000000000403dd0        0x0
                [!provide]                        PROVIDE (__preinit_array_start = .)
 *(.preinit_array)
                [!provide]                        PROVIDE (__preinit_array_end = .)

.init_array     0x0000000000403dd0       0x10
                0x0000000000403dd0                PROVIDE (__init_array_start = .)
 *(SORT_BY_INIT_PRIORITY(.init_array.*) SORT_BY_INIT_PRIORITY(.ctors.*))
 *(.init_array EXCLUDE_FILE(*crtend?.o *crtend.o *crtbegin?.o *crtbegin.o) .ctors)
 .init_array    0x0000000000403dd0        0x8 /usr/lib/gcc/x86_64-linux-gnu/10/crtbegin.o
 .init_array    0x0000000000403dd8        0x8 example/linux/CMakeFiles/linuxapp.dir/src/hello.cpp.o
                0x0000000000403de0                PROVIDE (__init_array_end = .)

.fini_array     0x0000000000403de0        0x8
                [!provide]                        PROVIDE (__fini_array_start = .)
 *(SORT_BY_INIT_PRIORITY(.fini_array.*) SORT_BY_INIT_PRIORITY(.dtors.*))
 *(.fini_array EXCLUDE_FILE(*crtend?.o *crtend.o *crtbegin?.o *crtbegin.o) .dtors)
 .fini_array    0x0000000000403de0        0x8 /usr/lib/gcc/x86_64-linux-gnu/10/crtbegin.o
                [!provide]                        PROVIDE (__fini_array_end = .)

.ctors
 *crtbegin.o(.ctors)
 *crtbegin?.o(.ctors)
 *(EXCLUDE_FILE(*crtend?.o *crtend.o) .ctors)
 *(SORT_BY_NAME(.ctors.*))
 *(.ctors)

.dtors
 *crtbegin.o(.dtors)
 *crtbegin?.o(.dtors)
 *(EXCLUDE_FILE(*crtend?.o *crtend.o) .dtors)
 *(SORT_BY_NAME(.dtors.*))
 *(.dtors)

.jcr
 *(.jcr)

.data.rel.ro    0x0000000000403de8        0x0
 *(.data.rel.ro.local* .gnu.linkonce.d.rel.ro.local.*)
 *(.data.rel.ro .data.rel.ro.* .gnu.linkonce.d.rel.ro.*)
 .data.rel.ro   0x0000000000403de8        0x0 /usr/lib/gcc/x86_64-linux-gnu/10/../../../x86_64-linux-gnu/crt1.o

.dynamic        0x0000000000403de8      0x200
 *(.dynamic)
 .dynamic       0x0000000000403de8      0x200 /usr/lib/gcc/x86_64-linux-gnu/10/../../../x86_64-linux-gnu/crt1.o
                0x0000000000403de8                _DYNAMIC

.got            0x0000000000403fe8       0x18
 *(.got)
 .got           0x0000000000403fe8       0x18 /usr/lib/gcc/x86_64-linux-gnu/10/../../../x86_64-linux-gnu/crt1.o
 *(.igot)
                0x0000000000404fe8                . = DATA_SEGMENT_RELRO_END (., (SIZEOF (.got.plt) >= 0x18)?0x18:0x0)

.got.plt        0x0000000000404000       0x78
 *(.got.plt)
 .got.plt       0x0000000000404000       0x78 /usr/lib/gcc/x86_64-linux-gnu/10/../../../x86_64-linux-gnu/crt1.o
                0x0000000000404000                _GLOBAL_OFFSET_TABLE_
 *(.igot.plt)
 .igot.plt      0x0000000000404078        0x0 /usr/lib/gcc/x86_64-linux-gnu/10/../../../x86_64-linux-gnu/crt1.o

.data           0x0000000000404078       0x14
 *(.data .data.* .gnu.linkonce.d.*)
 .data          0x0000000000404078        0x4 /usr/lib/gcc/x86_64-linux-gnu/10/../../../x86_64-linux-gnu/crt1.o
                0x0000000000404078                data_start
                0x0000000000404078                __data_start
 .data          0x000000000040407c        0x0 /usr/lib/gcc/x86_64-linux-gnu/10/../../../x86_64-linux-gnu/crti.o
 *fill*         0x000000000040407c        0x4 
 .data          0x0000000000404080        0x8 /usr/lib/gcc/x86_64-linux-gnu/10/crtbegin.o
                0x0000000000404080                __dso_handle
 .data          0x0000000000404088        0x4 example/linux/CMakeFiles/linuxapp.dir/src/hello.cpp.o
 .data          0x000000000040408c        0x0 /usr/lib/x86_64-linux-gnu/libc_nonshared.a(elf-init.oS)
 .data          0x000000000040408c        0x0 /usr/lib/gcc/x86_64-linux-gnu/10/crtend.o
 .data          0x000000000040408c        0x0 /usr/lib/gcc/x86_64-linux-gnu/10/../../../x86_64-linux-gnu/crtn.o

.tm_clone_table
                0x0000000000404090        0x0
 .tm_clone_table
                0x0000000000404090        0x0 /usr/lib/gcc/x86_64-linux-gnu/10/crtbegin.o
 .tm_clone_table
                0x0000000000404090        0x0 /usr/lib/gcc/x86_64-linux-gnu/10/crtend.o

.data1
 *(.data1)
                0x000000000040408c                _edata = .
                [!provide]                        PROVIDE (edata = .)
                0x0000000000404090                . = .
                0x000000000040408c                __bss_start = .

.bss            0x00000000004040c0      0x118
 *(.dynbss)
 .dynbss        0x00000000004040c0      0x110 /usr/lib/gcc/x86_64-linux-gnu/10/../../../x86_64-linux-gnu/crt1.o
                0x00000000004040c0                std::cout@@GLIBCXX_3.4
 *(.bss .bss.* .gnu.linkonce.b.*)
 .bss           0x00000000004041d0        0x0 /usr/lib/gcc/x86_64-linux-gnu/10/../../../x86_64-linux-gnu/crt1.o
 .bss           0x00000000004041d0        0x0 /usr/lib/gcc/x86_64-linux-gnu/10/../../../x86_64-linux-gnu/crti.o
 .bss           0x00000000004041d0        0x1 /usr/lib/gcc/x86_64-linux-gnu/10/crtbegin.o
 .bss           0x00000000004041d1        0x1 example/linux/CMakeFiles/linuxapp.dir/src/hello.cpp.o
 .bss           0x00000000004041d2        0x0 /usr/lib/x86_64-linux-gnu/libc_nonshared.a(elf-init.oS)
 .bss           0x00000000004041d2        0x0 /usr/lib/gcc/x86_64-linux-gnu/10/crtend.o
 .bss           0x00000000004041d2        0x0 /usr/lib/gcc/x86_64-linux-gnu/10/../../../x86_64-linux-gnu/crtn.o
 *(COMMON)
                0x00000000004041d8                . = ALIGN ((. != 0x0)?0x8:0x1)
 *fill*         0x00000000004041d2        0x6 

.lbss
 *(.dynlbss)
 *(.lbss .lbss.* .gnu.linkonce.lb.*)
 *(LARGE_COMMON)
                0x00000000004041d8                . = ALIGN (0x8)
                0x00000000004041d8                . = SEGMENT_START ("ldata-segment", .)

.lrodata
 *(.lrodata .lrodata.* .gnu.linkonce.lr.*)

.ldata          0x00000000004061d8        0x0
 *(.ldata .ldata.* .gnu.linkonce.l.*)
                0x00000000004061d8                . = ALIGN ((. != 0x0)?0x8:0x1)
                0x00000000004061d8                . = ALIGN (0x8)
                0x00000000004041d8                _end = .
                [!provide]                        PROVIDE (end = .)
                0x00000000004061d8                . = DATA_SEGMENT_END (.)

.stab
 *(.stab)

.stabstr
 *(.stabstr)

.stab.excl
 *(.stab.excl)

.stab.exclstr
 *(.stab.exclstr)

.stab.index
 *(.stab.index)

.stab.indexstr
 *(.stab.indexstr)

.comment        0x0000000000000000       0x26
 *(.comment)
 .comment       0x0000000000000000       0x26 /usr/lib/gcc/x86_64-linux-gnu/10/crtbegin.o
                                         0x27 (size before relaxing)
 .comment       0x0000000000000026       0x27 example/linux/CMakeFiles/linuxapp.dir/src/hello.cpp.o
 .comment       0x0000000000000026       0x27 /usr/lib/gcc/x86_64-linux-gnu/10/crtend.o

.gnu.build.attributes
 *(.gnu.build.attributes .gnu.build.attributes.*)

.debug
 *(.debug)

.line
 *(.line)

.debug_srcinfo
 *(.debug_srcinfo)

.debug_sfnames
 *(.debug_sfnames)

.debug_aranges
 *(.debug_aranges)

.debug_pubnames
 *(.debug_pubnames)

.debug_info
 *(.debug_info .gnu.linkonce.wi.*)

.debug_abbrev
 *(.debug_abbrev)

.debug_line
 *(.debug_line .debug_line.* .debug_line_end)

.debug_frame
 *(.debug_frame)

.debug_str
 *(.debug_str)

.debug_loc
 *(.debug_loc)

.debug_macinfo
 *(.debug_macinfo)

.debug_weaknames
 *(.debug_weaknames)

.debug_funcnames
 *(.debug_funcnames)

.debug_typenames
 *(.debug_typenames)

.debug_varnames
 *(.debug_varnames)

.debug_pubtypes
 *(.debug_pubtypes)

.debug_ranges
 *(.debug_ranges)

.debug_macro
 *(.debug_macro)

.debug_addr
 *(.debug_addr)

.gnu.attributes
 *(.gnu.attributes)

/DISCARD/
 *(.note.GNU-stack)
 *(.gnu_debuglink)
 *(.gnu.lto_*)
OUTPUT(example/linux/linuxapp elf64-x86-64)
